[2026-02-28 17:14:18] === AI Employee Scheduler Started ===
[2026-02-28 17:14:18] Inbox is empty. No tasks to process.
[2026-02-28 17:14:18] === Scheduler Run Complete ===
[2026-02-28 17:15:54] === AI Employee Scheduler Started ===
[2026-02-28 17:15:54] Inbox is empty. No tasks to process.
[2026-02-28 17:15:54] === Scheduler Run Complete ===
[2026-02-28 17:28:02] === AI Employee Scheduler Started ===
[2026-02-28 17:28:02] Found 1 task(s) in Inbox. Starting Task Planner...
[2026-02-28 17:28:02] Processing: test_task.md
[2026-02-28 17:28:02] Success: Created Plan_20260228_172802_test_task.md and moved source to Needs_Action.
[2026-02-28 17:28:02] === Scheduler Run Complete ===
[2026-02-28 17:33:41] === AI Employee Scheduler Started ===
[2026-02-28 17:33:41] Found 1 task(s) in Inbox. Starting Task Planner...
[2026-02-28 17:33:41] Processing: send_email_task.md
[2026-02-28 17:33:41] Success: Created Plan_20260228_173341_send_email_task.md and moved source to Needs_Action.
[2026-02-28 17:33:41] === Scheduler Run Complete ===
[2026-03-01 00:35:49] === AI Employee Scheduler Started ===
[2026-03-01 00:35:49] Found 1 task(s) in Inbox. Starting Task Planner...
[2026-03-01 00:35:49] Processing: weekly_sales_report.md
[2026-03-01 00:35:49] Success: Created Plan_20260301_003549_weekly_sales_report.md and moved source to Needs_Action.
[2026-03-01 00:35:49] === Scheduler Run Complete ===
[2026-03-01 00:38:36] === AI Employee Scheduler Started ===
[2026-03-01 00:38:36] Found 2 task(s) in Inbox. Starting Task Planner...
[2026-03-01 00:38:36] Processing: sales_presentation_task.md
[2026-03-01 00:38:36] Success: Created Plan_20260301_003836_sales_presentation_task.md and moved source to Needs_Action.
[2026-03-01 00:38:36] Processing: security_audit_task.md
[2026-03-01 00:38:36] Success: Created Plan_20260301_003836_security_audit_task.md and moved source to Needs_Action.
[2026-03-01 00:38:36] === Scheduler Run Complete ===
[2026-03-01 00:55:33] [PLATINUM] === Platinum Tier Automation Cycle Started ===
[2026-03-01 00:55:33] [PLATINUM] New Task Detected: automation_test.md. Generating Plan...
[2026-03-01 00:55:33] [PLATINUM] Plan Created: Plan_20260301_005533_automation_test.md
[2026-03-01 00:55:33] [PLATINUM] Approval Required for automation_test.md
[2026-03-01 00:55:33] [PLATINUM] Error in Execution of Plan_20260228_172802_test_task.md: 'charmap' codec can't decode byte 0x8f in position 7: character maps to <undefined>
[2026-03-01 00:55:33] [PLATINUM] Error in Execution of Plan_20260228_173341_send_email_task.md: 'charmap' codec can't decode byte 0x8f in position 7: character maps to <undefined>
[2026-03-01 00:55:33] [PLATINUM] Executing: weekly_sales_report.md
[2026-03-01 00:55:34] [PLATINUM] Successfully Completed and Archived: weekly_sales_report.md
[2026-03-01 00:55:34] [PLATINUM] Executing: sales_presentation_task.md
[2026-03-01 00:55:35] [PLATINUM] Successfully Completed and Archived: sales_presentation_task.md
[2026-03-01 00:55:35] [PLATINUM] Executing: security_audit_task.md
[2026-03-01 00:55:36] [PLATINUM] Successfully Completed and Archived: security_audit_task.md
[2026-03-01 00:55:36] [PLATINUM] Error in Execution of Plan_20260301_005533_automation_test.md: 'charmap' codec can't decode byte 0x8f in position 7: character maps to <undefined>
[2026-03-01 00:55:36] [PLATINUM] === Cycle Complete. Sleeping for 5 Minutes... ===
[2026-03-01 00:56:44] [PLATINUM] === Platinum Tier Automation Cycle Started ===
[2026-03-01 00:56:44] [PLATINUM] Approval Granted for test_task.md. Commencing Execution.
[2026-03-01 00:56:44] [PLATINUM] Executing: test_task.md
[2026-03-01 00:56:45] [PLATINUM] Successfully Completed and Archived: test_task.md
[2026-03-01 00:56:45] [PLATINUM] Task send_email_task.md is BLOCKED. Awaiting Human Approval.
[2026-03-01 00:56:45] [PLATINUM] Approval Granted for automation_test.md. Commencing Execution.
[2026-03-01 00:56:45] [PLATINUM] Executing: automation_test.md
[2026-03-01 00:56:46] [PLATINUM] Successfully Completed and Archived: automation_test.md
[2026-03-01 00:56:46] [PLATINUM] === Cycle Complete. Sleeping for 5 Minutes... ===
[2026-03-01 01:03:44] [PLATINUM] === Platinum Tier Automation Cycle Started ===
[2026-03-01 01:03:44] [PLATINUM] Approval Granted for send_email_task.md. Commencing Execution.
[2026-03-01 01:03:44] [PLATINUM] Executing: send_email_task.md
[2026-03-01 01:03:44] [PLATINUM] Email Objective Detected. Launching Gmail Skill...
[2026-03-01 01:03:50] [PLATINUM] Gmail Success: Success: Email sent to faisalnathani128@gmail.com
[2026-03-01 01:03:50] [PLATINUM] Successfully Completed and Archived: send_email_task.md
[2026-03-01 01:03:50] [PLATINUM] === Cycle Complete. Sleeping for 5 Minutes... ===
[2026-03-01 02:05:58] [Gold] === Gold Tier Compliant Cycle Started ===
[2026-03-01 02:05:58] [Gold] === Gold Cycle Complete ===
